// Jest Snapshot v1, https://goo.gl/fbAQLP

exports[`renders correctly 1`] = `
.c1 {
  max-width: 1140px;
  margin: 0 auto;
  padding: 0 0;
}

.c0 {
  margin-bottom: 40px;
}

.c2 {
  display: -webkit-box;
  display: -webkit-flex;
  display: -ms-flexbox;
  display: flex;
  -webkit-flex-wrap: wrap;
  -ms-flex-wrap: wrap;
  flex-wrap: wrap;
  -webkit-box-pack: justify;
  -webkit-justify-content: space-between;
  -ms-flex-pack: justify;
  justify-content: space-between;
  -webkit-align-items: center;
  -webkit-box-align: center;
  -ms-flex-align: center;
  align-items: center;
}

.c4 {
  -webkit-flex: 1;
  -ms-flex: 1;
  flex: 1;
  position: relative;
  margin-right: 20px;
  margin-bottom: 0;
  padding: 60px 20px 20px 20px;
  border-left: 4px solid #ea232d;
  font-size: 1.35em;
  font-weight: 300;
}

.c3 {
  width: 100%;
  max-width: 100%;
  min-height: 0;
  -webkit-align-self: center;
  -ms-flex-item-align: center;
  align-self: center;
  margin-bottom: 20px;
}

.c5 {
  display: block;
  position: absolute;
  top: 10px;
  left: 20px;
  color: #ea232d;
}

.c5 svg {
  width: 30px;
  height: 30px;
}

@media (min-width:32em) {
  .c2 {
    -webkit-flex-direction: row-reverse;
    -ms-flex-direction: row-reverse;
    flex-direction: row-reverse;
  }
}

@media (min-width:32em) {
  .c3 {
    margin-bottom: 0;
    max-width: 50%;
    width: 300px;
  }
}

<section
  className="c0"
>
  <div
    className="c1"
  >
    <div
      className="c2"
    >
      <img
        alt="Collection hero"
        className="c3"
        src="//images.ctfassets.net/6sxvmndnpn0s/2DPKnmx9Na8WYgG4ySqkA/5ca89770eb1ac36c9dbfe34d8d65eb5c/collection-hero.jpg?w=600"
      />
      <blockquote
        className="c4"
      >
        <span
          className="isvg loading c5"
        />
        My quote
      </blockquote>
    </div>
  </div>
</section>
`;
