// Jest Snapshot v1, https://goo.gl/fbAQLP

exports[`renders correctly 1`] = `
.c0 {
  background-color: #e5e5e5;
  position: relative;
  display: -webkit-box;
  display: -webkit-flex;
  display: -ms-flexbox;
  display: flex;
  -webkit-flex-wrap: wrap;
  -ms-flex-wrap: wrap;
  flex-wrap: wrap;
  margin: 40px 0 20px;
}

.c2 {
  -webkit-align-self: start;
  -ms-flex-item-align: start;
  align-self: start;
}

.c3 {
  padding: 20px;
}

.c4 {
  list-style: none;
  padding: 0;
}

.c5 {
  margin: 0;
}

.c6 {
  color: #ea232d;
  margin-right: 10px;
  display: inline-block;
}

.c6 svg {
  height: 1rem;
  width: 1rem;
}

.c1 {
  display: inline-block;
  position: absolute;
  top: -25px;
  background-color: #ea232d;
  color: #fff;
  padding: 10px;
  left: 20px;
}

@media (min-width:40.0625em) {
  .c0 {
    padding: 20px;
    -webkit-flex-wrap: nowrap;
    -ms-flex-wrap: nowrap;
    flex-wrap: nowrap;
  }
}

@media (min-width:40.0625em) {
  .c2 {
    -webkit-order: 2;
    -ms-flex-order: 2;
    order: 2;
    width: 50%;
  }
}

@media (min-width:62em) {
  .c2 {
    width: 66%;
  }
}

@media (min-width:40.0625em) {
  .c3 {
    padding: 20px 20px 0 0;
    width: 50%;
  }
}

@media (min-width:62em) {
  .c3 {
    width: 34%;
  }
}

<div
  className="c0"
>
  <div
    className="c1"
  >
    Featured event
  </div>
  <img
    alt="Collection hero"
    className="c2"
    src="//images.ctfassets.net/6sxvmndnpn0s/2DPKnmx9Na8WYgG4ySqkA/5ca89770eb1ac36c9dbfe34d8d65eb5c/collection-hero.jpg?w=700"
    srcSet="//images.ctfassets.net/6sxvmndnpn0s/2DPKnmx9Na8WYgG4ySqkA/5ca89770eb1ac36c9dbfe34d8d65eb5c/collection-hero.jpg?w=512 480w,
        //images.ctfassets.net/6sxvmndnpn0s/2DPKnmx9Na8WYgG4ySqkA/5ca89770eb1ac36c9dbfe34d8d65eb5c/collection-hero.jpg?w=700"
  />
  <div
    className="c3"
  >
    <h2>
      my event
    </h2>
    <ul
      className="c4"
    >
      <li
        className="c5"
      >
        <span
          className="isvg loading c6"
        />
        Shoreditch high street
      </li>
      <li
        className="c5"
      >
        <span
          className="isvg loading c6"
        />
        Yesterday
      </li>
      <li
        className="c5"
      >
        <span
          className="isvg loading c6"
        />
        12 yards
      </li>
    </ul>
    <Link
      to="/my-slug"
    >
      Sign up for this cool event
    </Link>
  </div>
</div>
`;
