// Jest Snapshot v1, https://goo.gl/fbAQLP

exports[`renders correctly 1`] = `
.c1 {
  width: 100%;
  height: 400px;
}

.c0 {
  max-width: 1140px;
  margin: 0 auto;
  padding: 0 20px;
}

<div
  className="c0"
>
  <h2>
    Topic - Google Map
  </h2>
  <main
    className="c1"
  >
    <div
      onClick={[Function]}
      onMouseDownCapture={[Function]}
      onMouseMove={[Function]}
      style={
        Object {
          "height": "100%",
          "margin": 0,
          "padding": 0,
          "position": "relative",
          "width": "100%",
        }
      }
    >
      <div
        style={
          Object {
            "height": "100%",
            "left": 0,
            "margin": 0,
            "padding": 0,
            "position": "absolute",
            "top": 0,
            "width": "100%",
          }
        }
      />
      <div
        style={
          Object {
            "height": "50%",
            "left": "50%",
            "margin": 0,
            "padding": 0,
            "position": "absolute",
            "top": "50%",
            "width": "50%",
          }
        }
      >
        <div
          style={
            Object {
              "height": "100%",
              "left": 0,
              "margin": 0,
              "padding": 0,
              "position": "absolute",
              "top": 0,
              "width": "100%",
            }
          }
        />
      </div>
    </div>
  </main>
</div>
`;
