// Jest Snapshot v1, https://goo.gl/fbAQLP

exports[`renders correctly 1`] = `
.c7 ul {
  padding-left: 0;
  list-style: none;
}

.c7 ul li {
  position: relative;
  padding-left: 40px;
}

.c7 ul li::before {
  content: ' ';
  position: absolute;
  top: 8px;
  left: 10px;
  display: block;
  width: 10px;
  height: 10px;
  background: #212122;
}

.c7 ul li ul {
  padding-left: 0;
  list-style: none;
}

.c7 ul li ul li:before {
  background: transparent;
  border: 1px solid #212122;
}

.c7 ol li::before {
  min-width: 10px;
}

.c7 blockquote {
  -webkit-flex: 1;
  -ms-flex: 1;
  flex: 1;
  position: relative;
  margin-right: 20px;
  margin-bottom: 0;
  padding: 60px 20px 20px 20px;
  border-left: 4px solid #ea232d;
  font-size: 1.35em;
  font-weight: 300;
}

.c7 blockquote:before {
  content: '';
  display: block;
  position: absolute;
  width: 30px;
  height: 30px;
  background-image: url(test-file-stub);
  top: 10px;
  left: 20px;
  color: #ea232d;
}

.c0 {
  margin-bottom: 40px;
  padding: 60px 0;
  background-color: #e5e5e5;
}

.c2 {
  display: -webkit-box;
  display: -webkit-flex;
  display: -ms-flexbox;
  display: flex;
  -webkit-flex-wrap: wrap;
  -ms-flex-wrap: wrap;
  flex-wrap: wrap;
  -webkit-box-pack: justify;
  -webkit-justify-content: space-between;
  -ms-flex-pack: justify;
  justify-content: space-between;
}

.c3 {
  width: 100%;
  margin-bottom: 20px;
  background: #fff;
}

.c3:last-of-type {
  margin-bottom: 0;
}

.c4 {
  padding: 20px;
  white-space: pre-line;
}

.c4 p {
  margin-bottom: 0;
}

.c5 {
  padding-bottom: 20px;
  border-bottom: 1px solid #e5e5e5;
  display: -webkit-box;
  display: -webkit-flex;
  display: -ms-flexbox;
  display: flex;
  -webkit-align-items: center;
  -webkit-box-align: center;
  -ms-flex-align: center;
  align-items: center;
  font-size: 1.125em;
}

.c6 {
  margin-right: 10px;
  display: inline-block;
  height: 20px;
  width: 20px;
}

.c6 svg {
  display: block;
  width: 20px;
  height: 20px;
}

.c1 {
  max-width: 1140px;
  margin: 0 auto;
  padding: 0 20px;
}

@media (min-width:32em) {
  .c3 {
    -webkit-flex-basis: calc(50% - 10px);
    -ms-flex-preferred-size: calc(50% - 10px);
    flex-basis: calc(50% - 10px);
  }
}

@media (min-width:62em) {
  .c3 {
    -webkit-flex: 1;
    -ms-flex: 1;
    flex: 1;
    width: auto;
    margin-right: 30px;
    margin-bottom: 0;
  }

  .c3:last-of-type {
    margin-right: 0;
  }
}

<section
  className="c0"
>
  <div
    className="c1"
  >
    <div
      className="c2"
    >
      <div
        className="c3"
      >
        <div
          className="c4"
        >
          <h3
            className="c5"
          >
            <span
              className="isvg loading c6"
            />
            Address
          </h3>
          <div
            className="c7"
            dangerouslySetInnerHTML={
              Object {
                "__html": "<p>51 Church RoadÂ 
London
SW13 9HH</p>",
              }
            }
          />
        </div>
      </div>
      <div
        className="c3"
      >
        <div
          className="c4"
        >
          <h3
            className="c5"
          >
            <span
              className="isvg loading c6"
            />
            Opening hours
          </h3>
          <div
            className="c7"
            dangerouslySetInnerHTML={
              Object {
                "__html": "<p><strong>Mon to Sat</strong>: 10am to 6pm
<strong>Sunday</strong>: 11am to 5pm</p>",
              }
            }
          />
        </div>
      </div>
      <div
        className="c3"
      >
        <div
          className="c4"
        >
          <h3
            className="c5"
          >
            <span
              className="isvg loading c6"
            />
            Parking
          </h3>
          <div
            className="c7"
            dangerouslySetInnerHTML={
              Object {
                "__html": "<p>No parking</p>",
              }
            }
          />
        </div>
      </div>
      <div
        className="c3"
      >
        <div
          className="c4"
        >
          <h3
            className="c5"
          >
            <span
              className="isvg loading c6"
            />
            Disabled access
          </h3>
          <div
            className="c7"
            dangerouslySetInnerHTML={
              Object {
                "__html": "<p>No disabled access</p>",
              }
            }
          />
        </div>
      </div>
    </div>
  </div>
</section>
`;
