// Jest Snapshot v1, https://goo.gl/fbAQLP

exports[`renders correctly 1`] = `
Array [
  .c3 {
  display: -webkit-box;
  display: -webkit-flex;
  display: -ms-flexbox;
  display: flex;
  -webkit-align-items: center;
  -webkit-box-align: center;
  -ms-flex-align: center;
  align-items: center;
  -webkit-box-pack: justify;
  -webkit-justify-content: space-between;
  -ms-flex-pack: justify;
  justify-content: space-between;
  padding: 10px 20px;
  background-color: #8c8c8c;
  color: #fff;
  -webkit-text-decoration: none;
  text-decoration: none;
}

.c3:hover {
  -webkit-text-decoration: underline;
  text-decoration: underline;
}

.c5 {
  font-size: 0.65em;
  margin-bottom: 5px;
}

.c4 {
  margin-bottom: 5px;
}

.c6 {
  display: block;
  fill: #fff;
  -webkit-flex-shrink: 0;
  -ms-flex-negative: 0;
  flex-shrink: 0;
  width: 20px;
  height: 20px;
}

.c0 {
  background-color: #e5e5e5;
  padding: 20px;
  box-shadow: 0 1.5px 4px rgba(0,0,0,0.12),0 1.5px 6px rgba(0,0,0,0.06);
  margin-bottom: 20px;
  display: -webkit-box;
  display: -webkit-flex;
  display: -ms-flexbox;
  display: flex;
  -webkit-flex-wrap: wrap;
  -ms-flex-wrap: wrap;
  flex-wrap: wrap;
}

.c1 {
  margin-bottom: 10px;
  margin-right: 30px;
}

.c1:last-child {
  margin-left: 0;
}

.c2 {
  min-width: 75%;
}

@media (min-width:40.0625em) {
  .c6 {
    width: 25px;
    height: 25px;
  }
}

<div
    className="c0"
  >
    <div
      className="c1"
    >
      <strong>
        By:
      </strong>
       
      Owen Jones
    </div>
    <div
      className="c1"
    >
      <strong>
        Published:
      </strong>
       
      February 2019
    </div>
    <h4>
      My very cool policy
    </h4>
    <a
      className="c2 c3"
      download={true}
      href="//assets.ctfassets.net/6sxvmndnpn0s/6gDmPHZ04gCMMS4sOa0IEk/7c712c5e8e383bbafd61f2d9d570de4f/component_tree-pdf.pdf"
    >
      <div>
        <p
          className="c4"
        >
          Mock file title
        </p>
        <p
          className="c5"
        >
          78.02 KB
        </p>
      </div>
      <span
        className="isvg loading c6"
      />
    </a>
  </div>,
  <div
    dangerouslySetInnerHTML={
      Object {
        "__html": "<p>Our advice and support services across the UK give peopleÂ <b>one-to-one</p>",
      }
    }
  />,
]
`;
