// Jest Snapshot v1, https://goo.gl/fbAQLP

exports[`Renders correctly 1`] = `
Array [
  .c1 {
  padding: 0;
  margin: 0;
  -webkit-clip: rect(1px,1px,1px,1px);
  clip: rect(1px,1px,1px,1px);
  -webkit-clip-path: inset(1px);
  clip-path: inset(1px);
  width: 1px;
  height: 1px;
  overflow: hidden;
  position: absolute;
  white-space: nowrap;
}

.c2 {
  display: -webkit-box;
  display: -webkit-flex;
  display: -ms-flexbox;
  display: flex;
  margin-right: 5px;
  font-size: 0.775rem;
  width: 100%;
  margin: 0 10px;
  border: 1px solid #e5e5e5;
}

.c3 {
  display: block;
  background-size: 15px 15px;
  width: auto;
  padding: 10px;
  width: 100%;
  margin-right: 1px;
  background-color: #fff;
  border: 0;
}

.c4 {
  padding: 0;
  border: none;
  font: inherit;
  color: inherit;
  background-color: transparent;
  cursor: pointer;
  display: -webkit-box;
  display: -webkit-flex;
  display: -ms-flexbox;
  display: flex;
  -webkit-box-pack: center;
  -webkit-justify-content: center;
  -ms-flex-pack: center;
  justify-content: center;
  -webkit-align-items: center;
  -webkit-box-align: center;
  -ms-flex-align: center;
  align-items: center;
  padding: 0 10px;
  background-color: #fff;
}

.c5 {
  display: block;
  width: 18px;
  fill: #0b0b89;
}

.c0 {
  display: none;
  height: 43px;
}

@media (min-width:62em) {
  .c2 {
    width: auto;
    border: 0;
  }
}

@media (min-width:62em) {
  .c3 {
    min-width: 185px;
  }
}

@media (min-width:62em) {
  .c0 {
    display: -webkit-box;
    display: -webkit-flex;
    display: -ms-flexbox;
    display: flex;
  }
}

<form
    action="/search"
    className="c0"
    method="get"
    role="search"
  >
    <legend
      className="c1"
    >
      Search this site
    </legend>
    <div
      className="c2"
    >
      <input
        className="c3"
        id="search"
        name="search"
        placeholder="Search this site..."
        type="search"
      />
      <button
        className="c4"
        type="submit"
      >
        <span
          className="isvg loading c5"
        />
      </button>
    </div>
  </form>,
  .c1 {
  padding: 0;
  margin: 0;
  -webkit-clip: rect(1px,1px,1px,1px);
  clip: rect(1px,1px,1px,1px);
  -webkit-clip-path: inset(1px);
  clip-path: inset(1px);
  width: 1px;
  height: 1px;
  overflow: hidden;
  position: absolute;
  white-space: nowrap;
}

.c0 {
  display: inline-block;
  text-align: center;
  padding: 10px 1em;
  font-weight: normal;
  background-color: #12b9bf;
  border: none;
  color: #fff;
  display: -webkit-box;
  display: -webkit-flex;
  display: -ms-flexbox;
  display: flex;
  height: 43px;
  -webkit-align-items: center;
  -webkit-box-align: center;
  -ms-flex-align: center;
  align-items: center;
  -webkit-box-pack: center;
  -webkit-justify-content: center;
  -ms-flex-pack: center;
  justify-content: center;
  -webkit-text-decoration: none;
  text-decoration: none;
}

.c0:hover {
  color: #fff;
}

.c0:hover {
  color: #fff;
}

@media (min-width:62em) {
  .c0 {
    display: -webkit-box;
    display: -webkit-flex;
    display: -ms-flexbox;
    display: flex;
  }
}

<Link
    className="c0"
    to="/donate"
  >
    Donate
    <legend
      className="c1"
    >
      Donate
    </legend>
  </Link>,
]
`;
