// Jest Snapshot v1, https://goo.gl/fbAQLP

exports[`renders correctly 1`] = `
.c0 {
  padding-top: 40px;
  margin-bottom: 40px;
}

.c2 {
  display: -webkit-box;
  display: -webkit-flex;
  display: -ms-flexbox;
  display: flex;
  -webkit-flex-wrap: wrap;
  -ms-flex-wrap: wrap;
  flex-wrap: wrap;
  -webkit-box-pack: justify;
  -webkit-justify-content: space-between;
  -ms-flex-pack: justify;
  justify-content: space-between;
}

.c4 {
  font-size: 1.35em;
}

.c4 span {
  color: #ea232d;
}

.c6 {
  -webkit-flex-shrink: 0;
  -ms-flex-negative: 0;
  flex-shrink: 0;
}

.c1 {
  max-width: 1140px;
  margin: 0 auto;
  padding: 0 20px;
}

@media (min-width:32em) {
  .c2 {
    -webkit-flex-wrap: nowrap;
    -ms-flex-wrap: nowrap;
    flex-wrap: nowrap;
  }
}

@media (min-width:32em) {
  .c3 {
    padding-right: 20px;
  }
}

@media (min-width:32em) {
  .c5 {
    -webkit-flex-shrink: 0;
    -ms-flex-negative: 0;
    flex-shrink: 0;
    width: 50%;
    padding-left: 20px;
  }
}

@media (min-width:62em) {
  .c5 {
    width: 33%;
  }
}

<section
  className="c0"
>
  <div
    className="c1"
  >
    <h1>
      Mock header
    </h1>
    <div
      className="c2"
    >
      <div
        className="c3"
      >
        <h3>
          Mock sub header
        </h3>
        <p
          className="c4"
        >
          Call us on: 
          <a
            href="tel:12345678910"
          >
            12345678910
          </a>
        </p>
        <p>
          mock introductory text
        </p>
      </div>
      <div
        className="c5"
      >
        <img
          alt="Collection hero"
          className="c6"
          src="//images.ctfassets.net/6sxvmndnpn0s/2DPKnmx9Na8WYgG4ySqkA/5ca89770eb1ac36c9dbfe34d8d65eb5c/collection-hero.jpg?w=800"
        />
      </div>
    </div>
  </div>
</section>
`;
