// Jest Snapshot v1, https://goo.gl/fbAQLP

exports[`renders correctly 1`] = `
.c1 {
  display: inline-block;
}

.c0 {
  display: inline-block;
  text-align: center;
  padding: 10px 1em;
  font-weight: normal;
  background-color: #ea232d;
  border: none;
  color: #fff;
}

<Link
  className="c0"
  to="/internal-link-slug"
>
  <span
    className="c1"
  >
    Button text
  </span>
</Link>
`;
