// Jest Snapshot v1, https://goo.gl/fbAQLP

exports[`renders correctly with defaults 1`] = `
.c0 {
  padding: 20px;
  background-color: #f7f7f7;
  box-shadow: 0;
  border-radius: 0;
}

<div
  className="c0"
/>
`;
