// Jest Snapshot v1, https://goo.gl/fbAQLP

exports[`renders correctly 1`] = `
.c0 {
  display: -webkit-box;
  display: -webkit-flex;
  display: -ms-flexbox;
  display: flex;
  -webkit-flex-wrap: wrap;
  -ms-flex-wrap: wrap;
  flex-wrap: wrap;
  margin-bottom: 20px;
}

.c1 {
  display: -webkit-box;
  display: -webkit-flex;
  display: -ms-flexbox;
  display: flex;
  padding: 20px;
  background-color: #f7f7f7;
  -webkit-flex: 0 0 100%;
  -ms-flex: 0 0 100%;
  flex: 0 0 100%;
  margin-bottom: 20px;
}

.c1:last-child {
  margin: 0;
}

.c2 {
  width: 30px;
  max-height: 50px;
  margin-right: 20px;
}

@media (min-width:40.0625em) {
  .c1 {
    -webkit-flex: 1;
    -ms-flex: 1;
    flex: 1;
    margin-bottom: 0;
    margin-right: 20px;
  }
}

<div
  className="c0"
>
  <div
    className="c1"
  >
    <span
      className="isvg loading c2"
    />
    <div>
      <div>
        Contact number 1
      </div>
      <a
        href="tel:01234567890"
        rel="noopener"
        target="_self"
      >
        01234567890
      </a>
    </div>
  </div>
  <div
    className="c1"
  >
    <span
      className="isvg loading c2"
    />
    <div>
      <div>
        Contact number 2
      </div>
      <a
        href="tel:09876543210"
        rel="noopener"
        target="_self"
      >
        09876543210
      </a>
    </div>
  </div>
</div>
`;
