// Jest Snapshot v1, https://goo.gl/fbAQLP

exports[`renders correctly 1`] = `
.c5 {
  position: relative;
  margin-bottom: 20px;
  background: #fff;
  border-radius: 3px;
  box-shadow: 0 1.5px 4px rgba(0,0,0,0.12),0 1.5px 6px rgba(0,0,0,0.06);
  -webkit-text-decoration: none;
  text-decoration: none;
}

.c5:hover {
  box-shadow: 0 2.5px 6px rgba(0,0,0,0.16),0 2.5px 6px rgba(0,0,0,0.13);
}

.c6 {
  width: 100%;
  border-radius: 3px 3px 0;
}

.c7 {
  position: relative;
}

.c8 {
  position: absolute;
  top: -20px;
  max-width: 100%;
  margin-bottom: 0;
  padding: 5px 20px;
  background-color: #ea232d;
  color: #fff;
  font-size: 16px;
  font-weight: normal;
  text-overflow: ellipsis;
  white-space: nowrap;
  overflow: hidden;
}

.c9 {
  display: block;
  padding: 20px;
  color: #4d63b5;
  -webkit-text-decoration: none;
  text-decoration: none;
}

.c10 {
  position: absolute;
  top: 0;
  right: 0;
  bottom: 0;
  left: 0;
  z-index: 0;
  opacity: 0;
}

.c1 {
  max-width: 1140px;
  margin: 0 auto;
  padding: 0 20px;
}

.c3 {
  display: -webkit-box;
  display: -webkit-flex;
  display: -ms-flexbox;
  display: flex;
  -webkit-flex-flow: column nowrap;
  -ms-flex-flow: column nowrap;
  flex-flow: column nowrap;
}

.c0 {
  margin-bottom: 40px;
  background: #e5e5e5;
  padding: 30px 0;
}

.c2 {
  margin-bottom: 30px;
}

.c2 a {
  -webkit-text-decoration: none;
  text-decoration: none;
}

@media (min-width:40.0625em) {
  .c3 {
    -webkit-flex-flow: row wrap;
    -ms-flex-flow: row wrap;
    flex-flow: row wrap;
    -webkit-box-pack: justify;
    -webkit-justify-content: space-between;
    -ms-flex-pack: justify;
    justify-content: space-between;
  }
}

@media (min-width:40.0625em) {
  .c3 .c4 {
    -webkit-flex: 0 1 calc(50% - 12px);
    -ms-flex: 0 1 calc(50% - 12px);
    flex: 0 1 calc(50% - 12px);
    width: calc(50% - 12px);
  }
}

<section
  className="c0"
>
  <div
    className="c1"
  >
    <div
      className="c2 "
      dangerouslySetInnerHTML={
        Object {
          "__html": "<p>Our advice and support services across the UK give people <b>one-to-one</p>",
        }
      }
    />
    <div
      className="c3"
    >
      <div
        className="c4 c5"
      >
        <img
          alt=""
          className="c6"
          src="//images.ctfassets.net/6sxvmndnpn0s/3lzXpdUbIjH5rj…bf633ef/Telli_Afrik_and_family_-_Steve_Franck.jpg?f=center&fit=fill&h=350&w=600"
          srcSet="//images.ctfassets.net/6sxvmndnpn0s/3lzXpdUbIjH5rj…bf633ef/Telli_Afrik_and_family_-_Steve_Franck.jpg?f=center&fit=fill&h=350&w=600 480w,
        //images.ctfassets.net/6sxvmndnpn0s/3lzXpdUbIjH5rj…bf633ef/Telli_Afrik_and_family_-_Steve_Franck.jpg?f=center&fit=fill&h=350&w=600"
        />
        <div
          className="c7"
        >
          <h3
            className="c8"
          >
            Shelter Demo Page
          </h3>
          <Link
            className="c9"
            to="/shelter-demo-page"
          >
            A short description for Callams test page
          </Link>
        </div>
        <Link
          className="c10"
          to="/shelter-demo-page"
        >
          A short description for Callams test page
        </Link>
      </div>
      <div
        className="c4 c5"
      >
        <img
          alt=""
          className="c6"
          src="//images.ctfassets.net/6sxvmndnpn0s/3lzXpdUbIjH5rj…bf633ef/Telli_Afrik_and_family_-_Steve_Franck.jpg?f=center&fit=fill&h=350&w=600"
          srcSet="//images.ctfassets.net/6sxvmndnpn0s/3lzXpdUbIjH5rj…bf633ef/Telli_Afrik_and_family_-_Steve_Franck.jpg?f=center&fit=fill&h=350&w=600 480w,
        //images.ctfassets.net/6sxvmndnpn0s/3lzXpdUbIjH5rj…bf633ef/Telli_Afrik_and_family_-_Steve_Franck.jpg?f=center&fit=fill&h=350&w=600"
        />
        <div
          className="c7"
        >
          <h3
            className="c8"
          >
            Shelter Demo Page
          </h3>
          <Link
            className="c9"
            to="/shelter-demo-page"
          >
            A short description for Callams test page
          </Link>
        </div>
        <Link
          className="c10"
          to="/shelter-demo-page"
        >
          A short description for Callams test page
        </Link>
      </div>
    </div>
  </div>
</section>
`;
