// Jest Snapshot v1, https://goo.gl/fbAQLP

exports[`renders correctly 1`] = `
.c0 {
  overflow: hidden;
  padding-top: 60vh;
  position: relative;
}

.c2 {
  position: absolute;
  top: 0;
  left: 0;
  height: 100%;
  width: 100%;
  background-image: url(//images.ctfassets.net/6sxvmndnpn0s/2DPKnmx9Na8WYgG4ySqkA/5ca89770eb1ac36c9dbfe34d8d65eb5c/collection-hero.jpg);
  background-size: cover;
  background-position: center;
}

.c1 {
  position: absolute;
  left: 50%;
  top: 50%;
  -webkit-transform: translate(-50%,-50%);
  -ms-transform: translate(-50%,-50%);
  transform: translate(-50%,-50%);
}

.c3 {
  position: absolute;
  left: 50%;
  max-width: 520px;
  top: 60px;
  -webkit-transform: translateX(-50%);
  -ms-transform: translateX(-50%);
  transform: translateX(-50%);
  width: 100%;
  padding: 0 20px;
  text-align: center;
  color: #fff;
}

.c4 {
  margin-bottom: 0;
  font-size: 2.35em;
}

.c6 {
  text-align: center;
  font-size: 1.8em;
}

.c5 {
  color: #ea232d;
}

.c7 {
  background-color: rgba(43,46,56,0.7);
  bottom: 0;
  left: 0;
  padding: 20px;
  position: absolute;
  right: 0;
  width: 100%;
}

.c8 {
  display: -webkit-box;
  display: -webkit-flex;
  display: -ms-flexbox;
  display: flex;
  -webkit-align-items: center;
  -webkit-box-align: center;
  -ms-flex-align: center;
  align-items: center;
  -webkit-box-pack: justify;
  -webkit-justify-content: space-between;
  -ms-flex-pack: justify;
  justify-content: space-between;
  margin: 0 auto;
  width: 100%;
  max-width: 400px;
}

.c9 {
  color: #fff;
  margin-right: 20px;
  margin-bottom: 0;
  padding-left: 20px;
  border-left: 3px solid #fff;
  white-space: pre-wrap;
}

.c10 {
  display: inline-block;
  text-align: center;
  padding: 10px 1em;
  font-weight: normal;
  border: none;
  border: 4px solid #fff;
  color: #fff;
  -webkit-text-decoration: none;
  text-decoration: none;
  -webkit-transition: all 0.2s ease-out;
  transition: all 0.2s ease-out;
}

.c10:hover {
  color: #212122;
  background-color: #fff;
}

.c11 {
  max-width: 1140px;
  margin: 0 auto;
  padding: 0 20px;
}

@media (min-width:40.0625em) {
  .c4 {
    font-size: 4rem;
  }
}

@media (min-width:40.0625em) {
  .c9 {
    margin-right: 40px;
  }
}

<section
  className="c0"
>
  <React-player
    className="c1"
    config={
      Object {
        "file": Object {
          "attributes": Object {
            "poster": "data:image/gif,AAAA",
            "style": Object {
              "height": "auto",
              "width": "auto",
            },
          },
        },
      }
    }
    height={null}
    loop={true}
    muted={true}
    onError={[Function]}
    onReady={[Function]}
    playing={true}
    url="//videos.ctfassets.net/6sxvmndnpn0s/5hlfsk9dwVVNBlbpWHSLvK/9f1d647e6332be389465c9d014a57a26/shelter-urban-rush.mp4"
    width={null}
  />
  <div
    className="c2"
  />
  <div
    className="c3"
  >
    <h1
      className="c4"
    >
      Urban
       
      <span
        className="c5"
      >
        Rush
      </span>
    </h1>
    <p
      className="c6"
    >
      London
    </p>
  </div>
  <div
    className="c7"
  >
    <div
      className="c8"
    >
      <p
        className="c9"
      >
        15 MILES
LONDON
06 OCT 2019
      </p>
      <a
        className="c10"
        href="https://endurancecui.active.com/new/events/57227451/select-race?_p=9778819554116866&e4q=b4c582fe-43bc-41b0-8df3-221750f7842b&e4p=98898649-9a90-47cc-a977-0197a099719b&e4ts=1538665644&e4c=active&e4e=snawe00000000&e4rt=Safetynet&e4h=a74b16f1d10ebeed229cf4c8311a6f08&_ga=2.193888045.1618800628.1549375348-1259773413.1541001577"
        rel="noopener"
        target="_self"
      >
        Button text
      </a>
    </div>
  </div>
  <div
    className="c11"
  />
</section>
`;
